15:25:55 8702
15:26:55 4728
15:27:56 4728
15:28:56 4728
15:29:56 4728
15:30:56 4728
15:31:56 4728
15:32:56 0
15:35:00 18128
15:36:01 8954
15:37:01 9590
15:38:01 8856
15:39:01 11164
15:40:01 12412
15:41:01 8478
15:42:01 15302
15:43:01 9480
15:44:01 13134
15:45:02 8284
15:46:02 9886
15:47:02 9250
15:48:02 8482
15:49:02 18398
15:50:03 11332
15:51:03 5970
15:52:03 18442
15:53:03 18210
15:54:03 18226
15:55:03 18222
15:56:04 18146
15:57:04 16868
15:58:04 12992
15:59:04 18026
16:00:04 10574
16:01:04 16726
16:02:04 18382
16:03:04 13020
16:04:05 18252
16:05:05 8214
16:06:05 12932
16:07:05 18396
16:08:05 11520
16:09:06 13302
16:10:06 18452
16:11:06 11460
16:12:07 18202
16:13:07 18372
16:14:07 11848
16:15:07 18202
16:16:08 12144
16:17:08 12144
16:18:08 18404
16:19:08 9528
16:20:08 18204
16:21:09 18426
16:22:09 10764
16:23:10 18210
16:24:10 18434
16:25:10 11956
16:26:10 18222
16:27:10 8948
16:28:11 12952
16:29:11 18416
16:30:11 9054
16:31:11 13342
16:32:12 18404
16:33:12 14388
16:34:12 18228
16:35:12 18398
16:36:12 11534
16:37:13 18402
16:38:13 9590
16:39:13 13318
16:40:13 11988
16:41:13 8848
16:42:14 4788
