05:20:01 4728
05:21:01 18582
05:22:02 13642
05:23:02 18646
05:24:03 9648
05:25:03 8912
05:26:03 0
05:32:06 5998
05:33:06 18582
05:34:06 15948
05:35:06 18650
05:36:06 9630
05:37:07 13886
05:38:07 11366
05:39:07 12544
05:40:08 8978
05:41:08 18556
05:42:08 9678
05:43:08 17950
05:44:09 9714
05:45:09 18642
05:46:09 9308
05:47:09 18648
05:48:10 9392
05:49:10 18644
05:50:11 11772
05:51:11 18644
05:52:12 11326
05:53:12 18642
05:54:13 18644
05:55:13 17162
05:56:13 18644
05:57:14 8670
05:58:14 18634
05:59:14 15726
06:00:15 18650
06:01:15 11156
06:02:15 18636
06:03:16 11314
06:04:16 18640
06:05:16 10520
06:06:17 18636
06:07:17 9274
06:08:18 18648
06:09:18 8956
06:10:19 18648
06:11:19 8744
06:12:20 18636
06:13:20 8864
06:14:21 18642
06:15:21 11438
06:16:22 18648
06:17:23 10804
06:18:23 18640
06:19:23 9312
06:20:23 18650
06:21:23 13524
06:22:24 18642
06:23:24 8674
06:24:24 18642
06:25:24 11716
06:26:24 18662
06:27:24 13720
06:28:25 18650
06:29:25 13804
06:30:25 18650
06:31:26 11688
06:32:26 18130
06:33:26 11466
06:34:26 0
07:02:31 8500
07:03:31 14970
07:04:31 12104
07:05:31 18638
07:06:32 11438
07:07:32 13048
07:08:32 6160
07:09:32 11692
07:10:32 14404
07:11:32 18642
07:12:33 8578
07:13:33 13174
07:14:33 18638
07:15:34 10518
07:16:34 12636
07:17:34 18652
07:18:34 8864
07:19:35 18648
07:20:35 8826
07:21:35 15862
