19:31:34 4728
19:32:34 4728
19:33:34 4728
19:34:34 4728
19:35:35 4728
19:36:35 4728
19:37:35 4728
19:38:35 0
19:40:37 4728
19:41:38 4728
19:42:38 4728
19:43:38 4728
19:44:38 4728
19:45:38 4728
19:46:38 4728
19:47:38 0
19:49:40 8802
19:50:40 8606
19:51:40 10806
19:52:40 12498
19:53:41 10522
19:54:41 11344
19:55:41 18644
19:56:41 7988
19:57:41 8914
19:58:41 21020
19:59:42 18638
20:00:42 11412
20:01:42 11428
20:02:43 18642
20:03:43 6876
20:04:43 16220
20:05:43 16670
20:06:43 16426
20:07:43 18648
20:08:43 8336
20:09:43 11514
20:10:43 18746
20:11:44 18642
20:12:44 9388
20:13:44 13758
20:14:44 11800
20:15:44 18660
20:16:45 8864
20:17:45 12140
20:18:45 15184
20:19:45 18646
20:20:45 9122
20:21:45 10826
20:22:46 4798
