01:36:34 8774
01:37:34 12268
01:38:34 14040
01:39:35 18630
01:40:35 9318
01:41:35 18634
01:42:35 9726
01:43:35 13426
01:44:35 18634
01:45:35 10114
01:46:36 8624
01:47:36 18642
01:48:36 9170
01:49:36 11478
01:50:36 18642
01:51:36 11688
01:52:36 10728
01:53:36 5968
01:54:37 9280
01:55:37 18634
01:56:37 18636
01:57:37 11226
01:58:38 15462
01:59:38 18646
02:00:38 8790
02:01:38 11230
02:02:38 18632
02:03:38 8854
02:04:38 14310
02:05:39 17882
02:06:39 13392
02:07:39 14762
02:08:39 18642
02:09:39 9070
02:10:39 9084
02:11:39 18638
02:12:40 18650
02:13:40 8848
02:14:40 16428
02:15:40 13376
02:16:40 18642
02:17:41 9278
02:18:41 11376
02:19:41 12290
02:20:41 10984
02:21:41 18634
02:22:41 14302
02:23:41 12958
02:24:42 8802
02:25:42 8926
02:26:42 8698
02:27:42 0
03:59:51 4728
04:00:51 4728
04:01:51 4728
04:02:51 4728
04:03:51 4728
04:04:51 4728
04:05:52 4728
04:06:52 0
04:18:55 7776
04:19:55 4728
04:20:55 4728
04:21:55 4728
04:22:56 4728
04:23:56 4728
04:24:57 4728
04:25:57 4728
04:26:57 0
11:28:55 4728
11:29:55 16314
11:30:55 16376
11:31:56 18494
11:32:56 20030
11:33:56 20560
11:34:56 19596
11:35:57 16380
11:36:57 22384
11:37:57 0
11:39:59 4728
11:41:00 0
11:45:02 4728
11:46:03 4728
11:47:03 4728
11:48:03 4728
11:49:03 4728
11:50:03 4728
11:51:03 4728
11:52:04 0
17:45:04 4728
17:46:04 4728
17:47:04 4728
17:48:04 4728
17:49:04 4728
17:50:05 4728
17:51:05 4728
17:52:05 0
18:02:08 4728
18:03:09 4728
18:04:09 4728
18:05:09 4728
18:06:09 4728
18:07:10 4728
18:08:10 4728
18:09:10 4728
18:10:10 0
18:12:13 4728
18:13:13 16314
18:14:13 20546
18:15:13 16378
18:16:13 19032
18:17:13 16378
18:18:13 21758
18:19:14 24506
18:20:14 21562
18:21:14 21562
18:22:14 22548
18:23:15 24332
18:24:15 21658
18:25:15 16378
18:26:15 18960
18:27:16 16378
18:28:16 19534
18:29:16 16378
18:30:17 22934
18:31:17 16378
18:32:17 23588
18:33:18 16380
18:34:18 21932
18:35:19 16380
18:36:19 24190
18:37:19 24196
18:38:19 21542
18:39:19 18798
18:40:20 22274
18:41:20 19838
18:42:20 20780
18:43:20 23358
18:44:20 25462
18:45:20 19612
18:46:21 23678
18:47:21 19204
18:48:21 21304
18:49:21 22080
18:50:21 24520
18:51:21 22094
18:52:22 22096
18:53:22 19006
18:54:22 19040
18:55:22 19842
18:56:22 23828
18:57:22 21246
18:58:22 21246
18:59:23 21870
19:00:23 24406
19:01:23 22502
19:02:23 24998
19:03:23 22482
19:04:24 24898
19:05:24 24426
19:06:24 16432
19:07:24 19856
19:08:24 16434
19:09:24 24352
19:10:25 16432
19:11:25 19086
19:12:25 22364
19:13:25 26222
19:14:26 16430
19:15:26 16430
19:16:26 24520
19:17:26 19092
19:18:26 16430
19:19:26 19618
19:20:27 16430
19:21:27 19590
19:22:28 16432
19:23:28 23892
19:24:28 16430
19:25:28 21716
19:26:28 16430
19:27:29 24648
19:28:29 16430
19:29:29 21836
19:30:29 20340
19:31:29 21746
19:32:30 25210
19:33:30 23890
19:34:30 25152
19:35:31 22688
19:36:31 19252
19:37:31 19254
19:38:31 19166
19:39:32 23742
19:40:32 19146
19:41:32 23388
19:42:32 25846
19:43:32 28302
19:44:33 19468
19:45:33 21764
19:46:33 19664
19:47:33 21446
19:48:33 19872
19:49:34 16490
19:50:34 4792
19:51:35 4792
19:52:35 4792
06:52:12 5712
06:53:12 16154
06:54:12 21144
06:55:13 26118
06:56:13 22218
06:57:13 24000
06:58:13 19510
06:59:13 16282
07:00:14 21790
07:01:14 16282
07:02:14 23052
07:03:14 16282
07:04:15 22598
07:05:15 25692
07:06:15 18840
07:07:15 16282
07:08:15 23976
07:09:15 16284
07:10:15 19358
07:11:16 16284
07:12:16 23332
07:13:16 16284
07:14:16 19158
07:15:16 28838
07:16:16 19248
07:17:17 21720
07:18:17 21316
07:19:17 23820
07:20:17 21736
07:21:17 31046
07:22:17 16282
07:23:17 19950
07:24:18 16284
07:25:18 24650
07:26:18 17970
07:27:18 22106
07:28:18 19308
07:29:18 27636
07:30:18 19442
07:31:19 16284
07:32:19 21916
07:33:19 16282
07:34:19 19454
07:35:19 16282
07:36:19 19270
07:37:19 16284
07:38:20 23964
07:39:20 16282
07:40:20 21918
07:41:20 16282
07:42:20 19984
07:43:20 16284
07:44:21 26486
07:45:21 16284
07:46:22 24150
07:47:22 19850
07:48:22 20730
07:49:23 20674
07:50:23 22488
07:51:23 19998
07:52:23 16288
07:53:24 23762
07:54:24 16284
07:55:24 21932
07:56:24 26266
07:57:25 19692
07:58:25 16284
07:59:25 22194
08:00:26 16284
08:01:26 19586
08:02:26 16284
08:03:26 21696
08:04:27 16284
08:05:27 21748
08:06:27 16282
08:07:27 19360
08:08:27 26708
08:09:27 23030
08:10:28 23030
08:11:28 21454
08:12:28 21454
08:13:28 21592
08:14:28 25438
08:15:28 22808
08:16:29 16284
08:17:29 19786
08:18:29 19620
08:19:30 19374
08:20:30 21356
08:21:30 16284
08:22:30 20842
08:23:30 0
08:25:33 8500
08:26:33 16332
08:27:33 24950
08:28:34 16448
08:29:34 23910
08:30:34 16446
08:31:34 26972
08:32:34 20824
08:33:35 22276
08:34:35 27202
08:35:36 24030
08:36:36 19400
08:37:36 24356
08:38:37 19244
08:39:37 19246
08:40:37 19474
08:41:37 25110
08:42:38 19280
08:43:38 27844
08:44:38 20112
08:45:38 25464
08:46:38 19706
08:47:38 25124
08:48:38 19548
08:49:39 22736
08:50:39 20604
08:51:39 24342
08:52:39 16448
08:53:40 22644
08:54:40 16448
08:55:40 30004
08:56:40 20340
08:57:40 23506
08:58:40 18886
08:59:40 21614
09:00:41 19662
09:01:41 19662
09:02:41 25170
09:03:41 27466
09:04:41 19544
09:05:41 22028
09:06:41 19528
09:07:42 27784
09:08:42 19984
09:09:42 20592
09:10:42 19522
09:11:42 22058
09:12:42 16448
09:13:43 16448
09:14:43 21698
09:15:43 22180
09:16:43 24554
09:17:43 19076
09:18:44 16448
09:19:44 21978
09:20:44 16448
09:21:44 20014
09:22:44 16448
09:23:44 21862
09:24:44 16448
09:25:45 19650
09:26:45 16448
09:27:45 20230
09:28:45 16448
09:29:45 19716
09:30:45 24394
09:31:45 21438
09:32:46 19206
09:33:46 25200
09:34:46 21702
09:35:47 0
09:37:49 8500
09:38:49 16332
09:39:49 21756
09:40:49 16448
09:41:50 23642
09:42:50 16448
09:43:51 21416
09:44:51 19552
09:45:51 19556
09:46:51 27716
09:47:51 24290
09:48:52 16448
09:49:52 29236
09:50:52 16448
09:51:52 19462
09:52:53 16450
09:53:53 24410
09:54:53 16450
09:55:53 19464
09:56:54 16450
09:57:54 23242
09:58:54 16450
09:59:54 21664
10:00:55 16450
10:01:55 19542
10:02:55 16450
10:03:55 23018
10:04:55 16452
10:05:55 22838
10:06:56 16450
10:07:56 22522
10:08:56 16450
10:09:57 19618
10:10:57 16450
10:11:57 21944
10:12:57 16450
10:13:57 19552
10:14:57 16450
10:15:57 19354
10:16:57 19612
10:17:58 19612
10:18:58 19932
10:19:58 28124
10:20:58 20202
10:21:58 22396
10:22:58 22410
10:23:59 22410
10:24:59 21854
10:25:59 24582
10:26:59 19326
10:27:59 16450
10:29:00 24236
10:30:00 16450
10:31:00 20002
10:32:00 16452
10:33:00 19626
10:34:00 16452
10:35:00 22192
10:36:01 16450
10:37:01 21630
10:38:01 16452
10:39:01 24050
10:40:01 16452
10:41:01 22958
10:42:02 16452
10:43:02 20782
10:44:02 16452
10:45:02 29032
10:46:02 16452
10:47:02 19676
10:48:03 16450
10:49:03 24058
10:50:03 16452
10:51:03 21770
10:52:03 16450
10:53:03 21732
10:54:03 16452
10:55:03 22880
10:56:04 16452
10:57:04 21654
10:58:04 21654
10:59:04 20894
11:00:04 23448
11:01:04 25406
11:02:04 24344
11:03:04 19398
11:04:05 16452
11:05:05 21372
11:06:05 16452
11:07:05 22236
11:08:05 16450
11:09:05 23110
11:10:05 19170
11:11:06 19172
11:12:06 19192
11:13:06 21716
11:14:06 24922
11:15:06 26704
11:16:06 4790
