22:31:12 8500
22:32:12 7922
22:33:12 18822
22:34:13 18864
22:35:13 18842
22:36:13 18818
22:37:13 18882
22:38:13 18812
22:39:14 18816
22:40:14 18818
22:41:14 9052
22:42:14 18820
22:43:14 18866
22:44:15 11730
22:45:15 9082
22:46:15 8562
22:47:15 8948
22:48:16 8916
22:49:16 9142
22:50:16 15746
22:51:16 9150
22:52:16 8798
22:53:16 11054
22:54:16 9034
22:55:16 10714
22:56:16 12138
22:57:17 15942
22:58:17 18410
22:59:17 16716
23:00:17 13252
23:01:17 9332
23:02:17 10820
23:03:17 15988
23:04:17 9504
23:05:17 8632
23:06:18 9370
23:07:18 6376
23:08:18 18628
23:09:19 18644
23:10:19 18618
23:11:20 18658
23:12:20 18650
23:13:20 18652
23:14:20 17804
23:15:20 18644
23:16:21 15810
23:17:21 10762
23:18:21 15140
23:19:21 11010
23:20:21 12262
23:21:22 11650
23:22:22 20668
23:23:22 18864
23:24:22 18814
23:25:22 18820
23:26:22 18788
23:27:23 18818
23:28:23 18822
23:29:23 18840
23:30:24 18854
23:31:24 18868
23:32:25 18874
23:33:25 18802
23:34:25 18652
23:35:25 18620
23:36:26 5934
23:37:26 17268
23:38:26 11550
23:39:26 15472
23:40:26 12122
23:41:26 15196
23:42:26 15280
23:43:26 10904
23:44:26 18646
23:45:27 19356
23:46:27 18652
23:47:27 18620
23:48:27 18622
23:49:27 18828
23:50:28 18830
23:51:28 18792
23:52:28 18810
23:53:28 18822
23:54:28 18836
23:55:29 18794
23:56:29 18816
23:57:29 18820
23:58:29 18818
23:59:29 18790
00:00:29 18824
00:01:30 18814
00:02:30 18842
00:03:30 18812
00:04:30 18814
00:05:30 18790
00:06:31 18818
00:07:31 18826
00:08:31 18874
00:09:32 18816
00:10:32 18810
00:11:33 18630
00:12:33 18628
00:13:33 18666
00:14:33 18640
00:15:33 18628
00:16:33 18564
00:17:34 13772
00:18:34 17310
00:19:34 11138
00:20:34 17404
00:21:34 13276
00:22:34 15926
00:23:35 9488
00:24:35 18808
00:25:35 18862
00:26:35 18812
00:27:35 18826
00:28:35 18874
00:29:35 18886
00:30:36 18828
00:31:36 18822
00:32:36 18792
00:33:37 18816
00:34:37 18826
00:35:38 18828
00:36:38 18870
00:37:38 18798
00:38:39 18790
00:39:39 18794
00:40:40 18826
00:41:40 18864
00:42:41 18830
00:43:41 18874
00:44:42 18842
00:45:42 18818
00:46:42 18870
00:47:42 18628
00:48:42 18650
00:49:43 18818
00:50:43 18638
00:51:43 11266
00:52:43 10864
00:53:44 9140
00:54:44 18854
00:55:44 18882
00:56:45 18622
00:57:45 15502
00:58:45 15018
00:59:45 11054
01:00:45 9504
01:01:45 11746
01:02:46 18644
01:03:46 18620
01:04:46 18564
01:05:46 4802
